[INFO] Scanning for projects...
[INFO] 
[INFO] --------------------< com.stadiumeats:stadiumeats >---------------------
[INFO] Building StadiumEats 1.0.0
[INFO]   from pom.xml
[INFO] --------------------------------[ war ]---------------------------------
[WARNING] The artifact mysql:mysql-connector-java:jar:8.0.33 has been relocated to com.mysql:mysql-connector-j:jar:8.0.33: MySQL Connector/J artifacts moved to reverse-DNS compliant Maven 2+ coordinates.
[INFO] 
[INFO] --- resources:3.4.0:resources (default-resources) @ stadiumeats ---
[INFO] Copying 2 resources from src\main\resources to target\classes
[INFO] 
[INFO] --- compiler:3.11.0:compile (default-compile) @ stadiumeats ---
[INFO] Nothing to compile - all classes are up to date
[INFO] 
[INFO] --- resources:3.4.0:testResources (default-testResources) @ stadiumeats ---
[INFO] skip non existing resourceDirectory C:\Users\walid\OneDrive\Desktop\test\StadiumEats\src\test\resources
[INFO] 
[INFO] --- compiler:3.11.0:testCompile (default-testCompile) @ stadiumeats ---
[INFO] Nothing to compile - all classes are up to date
[INFO] 
[INFO] --- surefire:3.2.2:test (default-test) @ stadiumeats ---
[INFO] Using auto detected provider org.apache.maven.surefire.junitplatform.JUnitPlatformProvider
[INFO] 
[INFO] -------------------------------------------------------
[INFO]  T E S T S
[INFO] -------------------------------------------------------
[INFO] Running com.stadiumeats.service.AuthServiceTest
mvn : OpenJDK 64-Bit 
Server VM warning: 
Sharing is only supported 
for boot loader classes 
because bootstrap 
classpath has been 
appended
At line:1 char:27
+ Set-Location 
StadiumEats; mvn test 
2>&1 | Out-File -FilePath 
"test_ou ...
+                         
  ~~~~~~~~~~~~~
    + CategoryInfo        
      : NotSpecified: (O  
  penJDK 64-Bit ...s be   
 en appended:String) [    
], RemoteException
    + FullyQualifiedError 
   Id : NativeCommandErr  
  or
 
[INFO] Tests run: 7, Failures: 0, Errors: 0, Skipped: 0, Time elapsed: 2.849 s -- in com.stadiumeats.service.AuthServiceTest
[INFO] Running com.stadiumeats.service.OrderServiceTest
[INFO] Tests run: 8, Failures: 0, Errors: 0, Skipped: 0, Time elapsed: 0.297 s -- in com.stadiumeats.service.OrderServiceTest
[INFO] 
[INFO] Results:
[INFO] 
[INFO] Tests run: 15, Failures: 0, Errors: 0, Skipped: 0
[INFO] 
[INFO] ------------------------------------------------------------------------
[INFO] BUILD SUCCESS
[INFO] ------------------------------------------------------------------------
[INFO] Total time:  6.828 s
[INFO] Finished at: 2026-04-06T01:45:57+01:00
[INFO] ------------------------------------------------------------------------
